
AARDVARK
ABYSSINIAN
AFFENPINSCHER
AKBASH
AKITA
ALBATROSS
ALLIGATOR
ALPACA
ANGELFISH
ANT
ANTEATER
ANTELOPE
APE
ARMADILLO
ASS
AVOCET
AXOLOTL
BABOON
BADGER
BALINESE
BANDICOOT
BARB
BARNACLE
BARRACUDA
BAT
BEAGLE
BEAR
BEAVER
BEE
BEETLE
BINTURONG
BIRD
BIRMAN
BISON
BLOODHOUND
BOAR
BOBCAT
BOMBAY
BONGO
BONOBO
BOOBY
BUDGERIGAR
BUFFALO
BULLDOG
BULLFROG
BURMESE
BUTTERFLY
CAIMAN
CAMEL
CAPYBARA
CARACAL
CARIBOU
CASSOWARY
CAT
CATERPILLAR
CATFISH
CATTLE
CENTIPEDE
CHAMELEON
CHAMOIS
CHEETAH
CHICKEN
CHIHUAHUA
CHIMPANZEE
CHINCHILLA
CHINOOK
CHIPMUNK
CHOUGH
CICHLID
CLAM
COATI
COBRA
COCKROACH
COD
COLLIE
CORAL
CORMORANT
COUGAR
COW
COYOTE
CRAB
CRANE
CROCODILE
CROW
CURLEW
CUSCUS
CUTTLEFISH
DACHSHUND
DALMATIAN
DEER
DHOLE
DINGO
DINOSAUR
DISCUS
DODO
DOG
DOGFISH
DOLPHIN
DONKEY
DORMOUSE
DOTTEREL
DOVE
DRAGONFLY
DREVER
DUCK
DUGONG
DUNKER
DUNLIN
EAGLE
EARWIG
ECHIDNA
EEL
ELAND
ELEPHANT
ELEPHANT SEAL
ELK
EMU
FALCON
FERRET
FINCH
FISH
FLAMINGO
FLOUNDER
FLY
FOSSA
FOX
FRIGATEBIRD
FROG
GALAGO
GAR
GAUR
GAZELLE
GECKO
GERBIL
GHARIAL
GIANT PANDA
GIBBON
GIRAFFE
GNAT
GNU
GOAT
GOLDFINCH
GOLDFISH
GOOSE
GOPHER
GORILLA
GOSHAWK
GRASSHOPPER
GREYHOUND
GROUSE
GUANACO
GUINEA FOWL
GUINEA PIG
GULL
GUPPY
HAMSTER
HARE
HARRIER
HAVANESE
HAWK
HEDGEHOG
HERON
HERRING
HIMALAYAN
HIPPOPOTAMUS
HORNET
HORSE
HUMAN
HUMMINGBIRD
HYENA
IBIS
IGUANA
IMPALA
INDRI
INSECT
JACKAL
JAGUAR
JAVANESE
JAY
JAY, BLUE
JELLYFISH
KAKAPO
KANGAROO
KINGFISHER
KIWI
KOALA
KOMODO DRAGON
KOUPREY
KUDU
LABRADOODLE
LADYBIRD
LAPWING
LARK
LEMMING
LEMUR
LEOPARD
LIGER
LION
LIONFISH
LIZARD
LLAMA
LOBSTER
LOCUST
LORIS
LOUSE
LYNX
LYREBIRD
MACAW
MAGPIE
MALLARD
MALTESE
MANATEE
MANDRILL
MARKHOR
MARTEN
MASTIFF
MAYFLY
MEERKAT
MILLIPEDE
MINK
MOLE
MOLLY
MONGOOSE
MONGREL
MONKEY
MOORHEN
MOOSE
MOSQUITO
MOTH
MOUSE
MULE
NARWHAL
NEANDERTHAL
NEWFOUNDLAND
NEWT
NIGHTINGALE
NUMBAT
OCELOT
OCTOPUS
OKAPI
OLM
OPOSSUM
ORANG-UTAN
ORYX
OSTRICH
OTTER
OWL
OX
OYSTER
PADEMELON
PANTHER
PARROT
PARTRIDGE
PEACOCK
PEAFOWL
PEKINGESE
PELICAN
PENGUIN
PERSIAN
PHEASANT
PIG
PIGEON
PIKA
PIKE
PIRANHA
PLATYPUS
POINTER
PONY
POODLE
PORCUPINE
PORPOISE
POSSUM
PRAIRIE DOG
PRAWN
PUFFIN
PUG
PUMA
QUAIL
QUELEA
QUETZAL
QUOKKA
QUOLL
RABBIT
RACCOON
RAGDOLL
RAIL
RAM
RAT
RATTLESNAKE
RAVEN
RED DEER
RED PANDA
REINDEER
RHINOCEROS
ROBIN
ROOK
ROTTWEILER
RUFF
SALAMANDER
SALMON
SAND DOLLAR
SANDPIPER
SAOLA
SARDINE
SCORPION
SEA LION
SEA URCHIN
SEAHORSE
SEAL
SERVAL
SHARK
SHEEP
SHREW
SHRIMP
SIAMESE
SIBERIAN
SKUNK
SLOTH
SNAIL
SNAKE
SNOWSHOE
SOMALI
SPARROW
SPIDER
SPONGE
SQUID
SQUIRREL
STARFISH
STARLING
STINGRAY
STINKBUG
STOAT
STORK
SWALLOW
SWAN
TANG
TAPIR
TARSIER
TERMITE
TETRA
TIFFANY
TIGER
TOAD
TORTOISE
TOUCAN
TROPICBIRD
TROUT
TUATARA
TURKEY
TURTLE
UAKARI
UGUISU
UMBRELLABIRD
VICUÑA
VIPER
VULTURE
WALLABY
WALRUS
WARTHOG
WASP
WATER BUFFALO
WEASEL
WHALE
WHIPPET
WILDEBEEST
WOLF
WOLVERINE
WOMBAT
WOODCOCK
WOODLOUSE
WOODPECKER
WORM
WRASSE
WREN
YAK
ZEBRA
ZEBU
ZONKEY
ZORSE
